
[1m[46m RUN [49m[22m [36mv4.0.18 [39m[90m/home/bernie/code/robot_trainer[39m

 [32m✓[39m src/lib/serial_devices.test.ts[2m > [22mif just manufacturer is populated, returns true[32m 1[2mms[22m[39m
 [32m✓[39m src/lib/serial_devices.test.ts[2m > [22mif just serialNumber is populated, returns true[32m 0[2mms[22m[39m
 [32m✓[39m src/lib/serial_devices.test.ts[2m > [22mif all fields are populated, returns true[32m 0[2mms[22m[39m
 [32m✓[39m src/lib/serial_devices.test.ts[2m > [22mif none of the fields is populated, returns true[32m 0[2mms[22m[39m
 [32m✓[39m src/lib/mujoco_parser.test.ts[2m > [22mparseMujocoCameras[2m > [22mshould parse simple camera with pos and euler[32m 9[2mms[22m[39m
 [32m✓[39m src/lib/mujoco_parser.test.ts[2m > [22mparseMujocoCameras[2m > [22mshould parse camera with target[32m 2[2mms[22m[39m
 [32m✓[39m src/lib/mujoco_parser.test.ts[2m > [22mparseMujocoCameras[2m > [22mshould parse camera with quat[32m 2[2mms[22m[39m
 [32m✓[39m src/lib/mujoco_parser.test.ts[2m > [22mparseMujocoCameras[2m > [22mshould parse camera with axis[32m 2[2mms[22m[39m
 [32m✓[39m src/lib/mujoco_parser.test.ts[2m > [22mparseMujocoCameras[2m > [22mshould parse camera with xyaxes[32m 3[2mms[22m[39m
 [32m✓[39m src/lib/mujoco_parser.test.ts[2m > [22mparseMujocoCameras[2m > [22mshould parse camera with zaxis[32m 1[2mms[22m[39m
 [32m✓[39m src/lib/mujoco_parser.test.ts[2m > [22mparseMujocoCameras[2m > [22mshould parse camera with fovy[32m 1[2mms[22m[39m
 [32m✓[39m src/lib/mujoco_parser.test.ts[2m > [22mparseMujocoCameras[2m > [22mshould handle optional/missing fields[32m 2[2mms[22m[39m
 [32m✓[39m src/lib/mujoco_parser.test.ts[2m > [22mparseMujocoCameras[2m > [22mshould handle invalid input gracefully[32m 2[2mms[22m[39m
 [32m✓[39m src/lib/mujoco_parser.test.ts[2m > [22mparseMujocoCameras[2m > [22mshould handle missing name gracefully (skip or generate name?)[32m 1[2mms[22m[39m
 [31m×[39m src/ui/Select.test.tsx[2m > [22mui/Select[2m > [22mrenders a disabled placeholder when the current value is not in options[32m 141[2mms[22m[39m
[31m   → Invalid Chai property: toBeInTheDocument[39m
 [31m×[39m src/views/CameraSelectionDropdown.test.tsx[2m > [22mCameraSelectionDropdown[2m > [22mshows a disabled placeholder when selectedCameraId is not in the provided list and does not log MUI warnings[32m 184[2mms[22m[39m
[31m   → Invalid Chai property: toBeInTheDocument[39m
 [31m×[39m src/views/RobotSelectionDropdown.test.tsx[2m > [22mRobotSelectionDropdown[2m > [22mrenders a disabled placeholder for an unknown selected robot and avoids MUI warnings[32m 167[2mms[22m[39m
[31m   → Invalid Chai property: toBeInTheDocument[39m
[90mstdout[2m | src/db/seed_sequence.test.ts[2m > [22m[2mSeeding and Sequence Check[2m > [22m[2mshould successfully insert new model after seeding
[22m[39mSeeding robot models...

 [32m✓[39m src/db/tableResource.test.ts[2m > [22mtableResource[2m > [22mlist() should return an empty array initially[32m 4[2mms[22m[39m
 [32m✓[39m src/db/tableResource.test.ts[2m > [22mtableResource[2m > [22mcreate() should insert a new item and return it with an id[32m 6[2mms[22m[39m
 [32m✓[39m src/db/tableResource.test.ts[2m > [22mtableResource[2m > [22mcreate() should handle provided id (using teleoperatorModelsTable)[32m 5[2mms[22m[39m
 [32m✓[39m src/db/tableResource.test.ts[2m > [22mtableResource[2m > [22mupdate() should modify an existing item[32m 6[2mms[22m[39m
 [32m✓[39m src/db/tableResource.test.ts[2m > [22mtableResource[2m > [22mdelete() should remove an item[32m 5[2mms[22m[39m
 [32m✓[39m src/db/tableResource.test.ts[2m > [22mtableResource[2m > [22mcreate() should filter out extraneous fields not in the schema[32m 4[2mms[22m[39m
[90mstdout[2m | src/db/seed_sequence.test.ts[2m > [22m[2mSeeding and Sequence Check[2m > [22m[2mshould successfully insert new model after seeding
[22m[39mSeeding complete.

 [32m✓[39m src/db/seed_sequence.test.ts[2m > [22mSeeding and Sequence Check[2m > [22mshould successfully insert new model after seeding[33m 406[2mms[22m[39m
 [31m×[39m src/views/RobotForm.test.tsx[2m > [22mRobotForm[2m > [22mloads robot models and handles form interactions[33m 1521[2mms[22m[39m
[31m   → Found multiple elements with the text: Real

Here are the matching elements:

Ignored nodes: comments, script, style
[36m<div[31m
  [33maria-controls[31m=[32m"_r_4_"[31m
  [33maria-expanded[31m=[32m"true"[31m
  [33maria-haspopup[31m=[32m"listbox"[31m
  [33maria-labelledby[31m=[32m"_r_3_-label _r_3_"[31m
  [33mclass[31m=[32m"MuiSelect-select MuiSelect-standard MuiInputBase-input MuiInput-input css-unhb03-MuiNativeSelect-root-MuiSelect-select-MuiInputBase-input-MuiInput-input"[31m
  [33mid[31m=[32m"_r_3_"[31m
  [33mrole[31m=[32m"combobox"[31m
  [33mtabindex[31m=[32m"0"[31m
[36m>[31m
  [0mReal[0m
[36m</div>[31m

Ignored nodes: comments, script, style
[36m<li[31m
  [33maria-selected[31m=[32m"true"[31m
  [33mclass[31m=[32m"MuiButtonBase-root MuiMenuItem-root MuiMenuItem-gutters Mui-selected MuiMenuItem-root MuiMenuItem-gutters Mui-selected css-1rju2q6-MuiButtonBase-root-MuiMenuItem-root"[31m
  [33mdata-value[31m=[32m"real"[31m
  [33mrole[31m=[32m"option"[31m
  [33mtabindex[31m=[32m"0"[31m
[36m>[31m
  [0mReal[0m
[36m</li>[31m

(If this is intentional, then use the `*AllBy*` variant of the query (like `queryAllByText`, `getAllByText`, or `findAllByText`)).

Ignored nodes: comments, script, style
[36m<body[31m
  [33mstyle[31m=[32m"padding-right: 1024px; overflow: hidden;"[31m
[36m>[31m
  [36m<div[31m
    [33maria-hidden[31m=[32m"true"[31m
  [36m>[31m
    [36m<div[31m
      [33mclass[31m=[32m"MuiStack-root css-v2woy3-MuiStack-root"[31m
    [36m>[31m
      [36m<div[31m
        [33mclass[31m=[32m"MuiGrid-root MuiGrid-container MuiGrid-direction-xs-row MuiGrid-spacing-xs-2 css-zjhuaj-MuiGrid-root"[31m
      [36m>[31m
        [36m<div[31m
          [33mclass[31m=[32m"MuiGrid-root MuiGrid-direction-xs-row css-17fpwt7-MuiGrid-root"[31m
        [36m>[31m
          [36m<div[31m
            [33mclass[31m=[32m"MuiFormControl-root MuiFormControl-fullWidth MuiTextField-root mb-4 css-cmpglg-MuiFormControl-root-MuiTextField-root"[31m
          [36m>[31m
            [36m<label[31m
              [33mclass[31m=[32m"MuiFormLabel-root MuiInputLabel-root MuiInputLabel-formControl MuiInputLabel-animated MuiInputLabel-shrink MuiInputLabel-standard MuiFormLabel-colorPrimary MuiFormLabel-filled MuiInputLabel-root MuiInputLabel-formControl MuiInputLabel-animated MuiInputLabel-shrink MuiInputLabel-standard css-1ew92b2-MuiFormLabel-root-MuiInputLabel-root"[31m
              [33mdata-shrink[31m=[32m"true"[31m
              [33mfor[31m=[32m"_r_0_"[31m
              [33mid[31m=[32m"_r_0_-label"[31m
            [36m>[31m
              [0mRobot Name[0m
            [36m</label>[31m
            [36m<div[31m
              [33mclass[31m=[32m"MuiInputBase-root MuiInput-root MuiInput-underline MuiInputBase-colorPrimary MuiInputBase-fullWidth MuiInputBase-formControl css-6h9cc6-MuiInputBase-root-MuiInput-root"[31m
            [36m>[31m
              [36m<input[31m
                [33maria-invalid[31m=[32m"false"[31m
                [33mclass[31m=[32m"MuiInputBase-input MuiInput-input css-1yrc8ca-MuiInputBase-input-MuiInput-input"[31m
                [33mid[31m=[32m"_r_0_"[31m
                [33mplaceholder[31m=[32m"e.g. My Primary Arm"[31m
                [33mtype[31m=[32m"text"[31m
                [33mvalue[31m=[32m"My Test Robot"[31m
              [36m/>[31m
            [36m</div>[31m
          [36m</div>[31m
        [36m</div>[31m
        [36m<div[31m
          [33mclass[31m=[32m"MuiGrid-root MuiGrid-direction-xs-row css-17fpwt7-MuiGrid-root"[31m
        [36m>[31m
          [36m<div[31m
            [33mclass[31m=[32m"MuiFormControl-root MuiFormControl-fullWidth MuiTextField-root mb-4 css-cmpglg-MuiFormControl-root-MuiTextField-root"[31m
          [36m>[31m
            [36m<label[31m
              [33mclass[31m=[32m"MuiFormLabel-root MuiInputLabel-root MuiInputLabel-formControl MuiInputLabel-animated MuiInputLabel-shrink MuiInputLabel-standard MuiFormLabel-colorPrimary MuiFormLabel-filled MuiInputLabel-root MuiInputLabel-formControl MuiInputLabel-animated MuiInputLabel-shrink MuiInputLabel-standard css-1ew92b2-MuiFormLabel-root-MuiInputLabel-root"[31m
              [33mdata-shrink[31m=[32m"true"[31m
              [33mfor[31m=[32m"_r_1_"[31m
              [33mid[31m=[32m"_r_1_-label"[31m
            [36m>[31m
              [0mRobot Model[0m
            [36m</label>[31m
            [36m<div[31m
              [33mclass[31m=[32m"MuiInputBase-root MuiInput-root MuiInput-underline MuiInputBase-colorPrimary MuiInputBase-fullWidth MuiInputBase-formControl MuiSelect-root css-6h9cc6-MuiInputBase-root-MuiInput-root"[31m
            [36m>[31m
              [36m<div[31m
                [33maria-expanded[31m=[32m"false"[31m
                [33maria-haspopup[31m=[32m"listbox"[31m
                [33maria-labelledby[31m=[32m"_r_1_-label _r_1_"[31m
                [33mclass[31m=[32m"MuiSelect-select MuiSelect-standard MuiInputBase-input MuiInput-input css-unhb03-MuiNativeSelect-root-MuiSelect-select-MuiInputBase-input-MuiInput-input"[31m
                [33mid[31m=[32m"_r_1_"[31m
                [33mrole[31m=[32m"combobox"[31m
                [33mtabindex[31m=[32m"0"[31m
              [36m>[31m
                [0mRobot Model A[0m
              [36m</div>[31m
              [36m<input[31m
                [33maria-hidden[31m=[32m"true"[31m
                [33maria-invalid[31m=[32m"false"[31m
                [33mclass[31m=[32m"MuiSelect-nativeInput css-j0riat-MuiSelect-nativeInput"[31m
                [33mtabindex[31m=[32m"-1"[31m
                [33mvalue[31m=[32m"1"[31m
              [36m/>[31m
              [36m<svg[31m
                [33maria-hidden[31m=[32m"true"[31m
                [33mclass[31m=[32m"MuiSvgIcon-root MuiSvgIcon-fontSizeMedium MuiSelect-icon MuiSelect-iconStandard css-ug7h84-MuiSvgIcon-root-MuiNativeSelect-root-MuiSelect-icon"[31m
                [33mdata-testid[31m=[32m"ArrowDropDownIcon"[31m
                [33mfocusable[31m=[32m"false"[31m
                [33mviewBox[31m=[32m"0 0 24 24"[31m
              [36m>[31m
                [36m<path[31m
                  [33md[31m=[32m"M7 10l5 5 5-5z"[31m
                [36m/>[31m
              [36m</svg>[31m
            [36m</div>[31m
          [36m</div>[31m
        [36m</div>[31m
        [36m<div[31m
          [33mclass[31m=[32m"MuiGrid-root MuiGrid-direction-xs-row css-17fpwt7-MuiGrid-root"[31m
        [36m>[31m
          [36m<div[31m
            [33mclass[31m=[32m"MuiFormControl-root MuiFormControl-fullWidth MuiTextField-root mb-4 css-cmpglg-MuiFormControl-root-MuiTextField-root"[31m
          [36m>[31m
            [36m<label[31m
              [33mclass[31m=[32m"MuiFormLabel-root MuiInputLabel-root MuiInputLabel-formControl MuiInputLabel-animated MuiInputLabel-shrink MuiInputLabel-standard MuiFormLabel-colorPrimary MuiFormLabel-filled Mui-focused MuiInputLabel-root MuiInputLabel-formControl MuiInputLabel-animated MuiInputLabel-shrink MuiInputLabel-standard css-1ew92b2-MuiFormLabel-root-MuiInputLabel-root"[31m
              [33mdata-shrink[31m=[32m"true"[31m
              [33mfor[31m=[32m"_r_3_"[31m
              [33mid[31m=[32m"_r_3_-label"[31m
            [36m>[31m
              [0mModality[0m
            [36m</label>[31m
            [36m<div[31m
              [33mclass[31m=[32m"MuiInputBase-root MuiInput-root MuiInput-underline MuiInputBase-colorPrimary MuiInputBase-fullWidth Mui-focused MuiInputBase-formControl MuiSelect-root css-6h9cc6-MuiInputBase-root-MuiInput-root"[31m
            [36m>[31m
              [36m<div[31m
                [33maria-controls[31m=[32m"_r_4_"[31m
                [33maria-expanded[31m=[32m"true"[31m
                [33maria-haspopup[31m=[32m"listbox"[31m
                [33maria-labelledby[31m=[32m"_r_3_-label _r_3_"[31m
                [33mclass[31m=[32m"MuiSelect-select MuiSelect-standard MuiInputBase-input MuiInput-input css-unhb03-MuiNativeSelect-root-MuiSelect-select-MuiInputBase-input-M...

Ignored nodes: comments, script, style
[36m<body[31m
  [33mstyle[31m=[32m"padding-right: 1024px; overflow: hidden;"[31m
[36m>[31m
  [36m<div[31m
    [33maria-hidden[31m=[32m"true"[31m
  [36m>[31m
    [36m<div[31m
      [33mclass[31m=[32m"MuiStack-root css-v2woy3-MuiStack-root"[31m
    [36m>[31m
      [36m<div[31m
        [33mclass[31m=[32m"MuiGrid-root MuiGrid-container MuiGrid-direction-xs-row MuiGrid-spacing-xs-2 css-zjhuaj-MuiGrid-root"[31m
      [36m>[31m
        [36m<div[31m
          [33mclass[31m=[32m"MuiGrid-root MuiGrid-direction-xs-row css-17fpwt7-MuiGrid-root"[31m
        [36m>[31m
          [36m<div[31m
            [33mclass[31m=[32m"MuiFormControl-root MuiFormControl-fullWidth MuiTextField-root mb-4 css-cmpglg-MuiFormControl-root-MuiTextField-root"[31m
          [36m>[31m
            [36m<label[31m
              [33mclass[31m=[32m"MuiFormLabel-root MuiInputLabel-root MuiInputLabel-formControl MuiInputLabel-animated MuiInputLabel-shrink MuiInputLabel-standard MuiFormLabel-colorPrimary MuiFormLabel-filled MuiInputLabel-root MuiInputLabel-formControl MuiInputLabel-animated MuiInputLabel-shrink MuiInputLabel-standard css-1ew92b2-MuiFormLabel-root-MuiInputLabel-root"[31m
              [33mdata-shrink[31m=[32m"true"[31m
              [33mfor[31m=[32m"_r_0_"[31m
              [33mid[31m=[32m"_r_0_-label"[31m
            [36m>[31m
              [0mRobot Name[0m
            [36m</label>[31m
            [36m<div[31m
              [33mclass[31m=[32m"MuiInputBase-root MuiInput-root MuiInput-underline MuiInputBase-colorPrimary MuiInputBase-fullWidth MuiInputBase-formControl css-6h9cc6-MuiInputBase-root-MuiInput-root"[31m
            [36m>[31m
              [36m<input[31m
                [33maria-invalid[31m=[32m"false"[31m
                [33mclass[31m=[32m"MuiInputBase-input MuiInput-input css-1yrc8ca-MuiInputBase-input-MuiInput-input"[31m
                [33mid[31m=[32m"_r_0_"[31m
                [33mplaceholder[31m=[32m"e.g. My Primary Arm"[31m
                [33mtype[31m=[32m"text"[31m
                [33mvalue[31m=[32m"My Test Robot"[31m
              [36m/>[31m
            [36m</div>[31m
          [36m</div>[31m
        [36m</div>[31m
        [36m<div[31m
          [33mclass[31m=[32m"MuiGrid-root MuiGrid-direction-xs-row css-17fpwt7-MuiGrid-root"[31m
        [36m>[31m
          [36m<div[31m
            [33mclass[31m=[32m"MuiFormControl-root MuiFormControl-fullWidth MuiTextField-root mb-4 css-cmpglg-MuiFormControl-root-MuiTextField-root"[31m
          [36m>[31m
            [36m<label[31m
              [33mclass[31m=[32m"MuiFormLabel-root MuiInputLabel-root MuiInputLabel-formControl MuiInputLabel-animated MuiInputLabel-shrink MuiInputLabel-standard MuiFormLabel-colorPrimary MuiFormLabel-filled MuiInputLabel-root MuiInputLabel-formControl MuiInputLabel-animated MuiInputLabel-shrink MuiInputLabel-standard css-1ew92b2-MuiFormLabel-root-MuiInputLabel-root"[31m
              [33mdata-shrink[31m=[32m"true"[31m
              [33mfor[31m=[32m"_r_1_"[31m
              [33mid[31m=[32m"_r_1_-label"[31m
            [36m>[31m
              [0mRobot Model[0m
            [36m</label>[31m
            [36m<div[31m
              [33mclass[31m=[32m"MuiInputBase-root MuiInput-root MuiInput-underline MuiInputBase-colorPrimary MuiInputBase-fullWidth MuiInputBase-formControl MuiSelect-root css-6h9cc6-MuiInputBase-root-MuiInput-root"[31m
            [36m>[31m
              [36m<div[31m
                [33maria-expanded[31m=[32m"false"[31m
                [33maria-haspopup[31m=[32m"listbox"[31m
                [33maria-labelledby[31m=[32m"_r_1_-label _r_1_"[31m
                [33mclass[31m=[32m"MuiSelect-select MuiSelect-standard MuiInputBase-input MuiInput-input css-unhb03-MuiNativeSelect-root-MuiSelect-select-MuiInputBase-input-MuiInput-input"[31m
                [33mid[31m=[32m"_r_1_"[31m
                [33mrole[31m=[32m"combobox"[31m
                [33mtabindex[31m=[32m"0"[31m
              [36m>[31m
                [0mRobot Model A[0m
              [36m</div>[31m
              [36m<input[31m
                [33maria-hidden[31m=[32m"true"[31m
                [33maria-invalid[31m=[32m"false"[31m
                [33mclass[31m=[32m"MuiSelect-nativeInput css-j0riat-MuiSelect-nativeInput"[31m
                [33mtabindex[31m=[32m"-1"[31m
                [33mvalue[31m=[32m"1"[31m
              [36m/>[31m
              [36m<svg[31m
                [33maria-hidden[31m=[32m"true"[31m
                [33mclass[31m=[32m"MuiSvgIcon-root MuiSvgIcon-fontSizeMedium MuiSelect-icon MuiSelect-iconStandard css-ug7h84-MuiSvgIcon-root-MuiNativeSelect-root-MuiSelect-icon"[31m
                [33mdata-testid[31m=[32m"ArrowDropDownIcon"[31m
                [33mfocusable[31m=[32m"false"[31m
                [33mviewBox[31m=[32m"0 0 24 24"[31m
              [36m>[31m
                [36m<path[31m
                  [33md[31m=[32m"M7 10l5 5 5-5z"[31m
                [36m/>[31m
              [36m</svg>[31m
            [36m</div>[31m
          [36m</div>[31m
        [36m</div>[31m
        [36m<div[31m
          [33mclass[31m=[32m"MuiGrid-root MuiGrid-direction-xs-row css-17fpwt7-MuiGrid-root"[31m
        [36m>[31m
          [36m<div[31m
            [33mclass[31m=[32m"MuiFormControl-root MuiFormControl-fullWidth MuiTextField-root mb-4 css-cmpglg-MuiFormControl-root-MuiTextField-root"[31m
          [36m>[31m
            [36m<label[31m
              [33mclass[31m=[32m"MuiFormLabel-root MuiInputLabel-root MuiInputLabel-formControl MuiInputLabel-animated MuiInputLabel-shrink MuiInputLabel-standard MuiFormLabel-colorPrimary MuiFormLabel-filled Mui-focused MuiInputLabel-root MuiInputLabel-formControl MuiInputLabel-animated MuiInputLabel-shrink MuiInputLabel-standard css-1ew92b2-MuiFormLabel-root-MuiInputLabel-root"[31m
              [33mdata-shrink[31m=[32m"true"[31m
              [33mfor[31m=[32m"_r_3_"[31m
              [33mid[31m=[32m"_r_3_-label"[31m
            [36m>[31m
              [0mModality[0m
            [36m</label>[31m
            [36m<div[31m
              [33mclass[31m=[32m"MuiInputBase-root MuiInput-root MuiInput-underline MuiInputBase-colorPrimary MuiInputBase-fullWidth Mui-focused MuiInputBase-formControl MuiSelect-root css-6h9cc6-MuiInputBase-root-MuiInput-root"[31m
            [36m>[31m
              [36m<div[31m
                [33maria-controls[31m=[32m"_r_4_"[31m
                [33maria-expanded[31m=[32m"true"[31m
                [33maria-haspopup[31m=[32m"listbox"[31m
                [33maria-labelledby[31m=[32m"_r_3_-label _r_3_"[31m
                [33mclass[31m=[32m"MuiSelect-select MuiSelect-standard MuiInputBase-input MuiInput-input css-unhb03-MuiNativeSelect-root-MuiSelect-select-MuiInputBase-input-M...[39m
 [31m×[39m src/views/RobotForm.test.tsx[2m > [22mRobotForm[2m > [22mhandles simulated robot setup[32m 33[2mms[22m[39m
[31m   → The given element does not have a value setter[39m
 [32m✓[39m src/views/Scenes.test.tsx[2m > [22mScenesView[2m > [22mrenders correctly[32m 232[2mms[22m[39m
 [31m×[39m src/views/Robots.test.tsx[2m > [22mRobotsView Deletion[2m > [22mshould delete robot and cascade to scene_robots[33m 311[2mms[22m[39m
[31m   → Unable to find an element with the text: Delete. This could be because the text is broken up by multiple elements. In this case, you can provide a function for your text matcher to make your matcher more flexible.

Ignored nodes: comments, script, style
[36m<body>[31m
  [36m<div>[31m
    [36m<div[31m
      [33mclass[31m=[32m"MuiBox-root css-19kzrtu"[31m
    [36m>[31m
      [36m<div[31m
        [33mclass[31m=[32m"MuiBox-root css-0"[31m
      [36m>[31m
        [36m<div[31m
          [33mclass[31m=[32m"MuiBox-root css-141lzyw"[31m
        [36m>[31m
          [36m<h5[31m
            [33mclass[31m=[32m"MuiTypography-root MuiTypography-h5 css-kwxs7k-MuiTypography-root"[31m
          [36m>[31m
            [0mRobots[0m
          [36m</h5>[31m
          [36m<button[31m
            [33mclass[31m=[32m"MuiButtonBase-root MuiButton-root MuiButton-contained MuiButton-containedPrimary MuiButton-sizeMedium MuiButton-containedSizeMedium MuiButton-colorPrimary MuiButton-root MuiButton-contained MuiButton-containedPrimary MuiButton-sizeMedium MuiButton-containedSizeMedium MuiButton-colorPrimary css-grubs5-MuiButtonBase-root-MuiButton-root"[31m
            [33mtabindex[31m=[32m"0"[31m
            [33mtype[31m=[32m"button"[31m
          [36m>[31m
            [36m<div[31m
              [33mclass[31m=[32m"MuiBox-root css-axw7ok"[31m
            [36m>[31m
              [36m<span>[31m
                [0mAdd [0m
                [0mRobot[0m
              [36m</span>[31m
            [36m</div>[31m
          [36m</button>[31m
        [36m</div>[31m
        [36m<div[31m
          [33mclass[31m=[32m"MuiBox-root css-8atqhb"[31m
        [36m>[31m
          [36m<div[31m
            [33mclass[31m=[32m"MuiDataGrid-root MuiDataGrid-autoHeight MuiDataGrid-root--densityStandard MuiDataGrid-withBorderColor MuiDataGridVariables-3851315942 css-1wtxydy-MuiDataGrid-root"[31m
            [33mstyle[31m=[32m"--DataGrid-hasScrollX: 1; --DataGrid-hasScrollY: 0; --DataGrid-scrollbarSize: 0px; --DataGrid-rowWidth: 60px; --DataGrid-columnsTotalWidth: 60px; --DataGrid-leftPinnedWidth: 0px; --DataGrid-rightPinnedWidth: 0px; --DataGrid-headerHeight: 56px; --DataGrid-headersTotalHeight: 56px; --DataGrid-topContainerHeight: 56px; --DataGrid-bottomContainerHeight: 0px; --height: 52px;"[31m
          [36m>[31m
            [36m<div[31m
              [33mclass[31m=[32m"MuiDataGrid-mainContent"[31m
              [33mrole[31m=[32m"presentation"[31m
            [36m>[31m
              [36m<div[31m
                [33maria-colcount[31m=[32m"3"[31m
                [33maria-multiselectable[31m=[32m"false"[31m
                [33maria-rowcount[31m=[32m"2"[31m
                [33mclass[31m=[32m"MuiDataGrid-main css-1bgckiu-MuiDataGrid-main"[31m
                [33mrole[31m=[32m"grid"[31m
                [33mtabindex[31m=[32m"-1"[31m
              [36m>[31m
                [36m<div[31m
                  [33mclass[31m=[32m"css-18l11qw"[31m
                  [33mdata-id[31m=[32m"gridPanelAnchor"[31m
                  [33mrole[31m=[32m"presentation"[31m
                [36m/>[31m
                [36m<div[31m
                  [33mclass[31m=[32m"MuiDataGrid-virtualScroller MuiDataGrid-virtualScroller--hasScrollX css-1vigakz-MuiDataGrid-virtualScroller"[31m
                  [33mrole[31m=[32m"presentation"[31m
                  [33mstyle[31m=[32m"overflow-x: hidden; overflow-y: hidden;"[31m
                [36m>[31m
                  [36m<div[31m
                    [33mclass[31m=[32m"MuiDataGrid-topContainer MuiDataGrid-container--top css-b1wygl"[31m
                    [33mrole[31m=[32m"presentation"[31m
                  [36m>[31m
                    [36m<div[31m
                      [33mclass[31m=[32m"MuiDataGrid-columnHeaders css-1gtv474-MuiDataGrid-columnHeaders"[31m
                      [33mrole[31m=[32m"presentation"[31m
                    [36m>[31m
                      [36m<div[31m
                        [33maria-rowindex[31m=[32m"1"[31m
                        [33mclass[31m=[32m"MuiDataGrid-row--borderBottom css-yseucu-MuiDataGrid-columnHeaderRow"[31m
                        [33mrole[31m=[32m"row"[31m
                        [33mstyle[31m=[32m"height: 56px;"[31m
                      [36m>[31m
                        [36m<div[31m
                          [33mrole[31m=[32m"presentation"[31m
                          [33mstyle[31m=[32m"width: 0px;"[31m
                        [36m/>[31m
                        [36m<div[31m
                          [33maria-colindex[31m=[32m"1"[31m
                          [33maria-sort[31m=[32m"none"[31m
                          [33mclass[31m=[32m"MuiDataGrid-columnHeader MuiDataGrid-columnHeader--sortable MuiDataGrid-withBorderColor"[31m
                          [33mdata-field[31m=[32m"name"[31m
                          [33mrole[31m=[32m"columnheader"[31m
                          [33mstyle[31m=[32m"width: 0px;"[31m
                          [33mtabindex[31m=[32m"0"[31m
                        [36m>[31m
                          [36m<div[31m
                            [33mclass[31m=[32m"MuiDataGrid-columnHeaderDraggableContainer"[31m
                            [33mdraggable[31m=[32m"false"[31m
                            [33mrole[31m=[32m"presentation"[31m
                          [36m>[31m
                            [36m<div[31m
                              [33mclass[31m=[32m"MuiDataGrid-columnHeaderTitleContainer"[31m
                              [33mrole[31m=[32m"presentation"[31m
                            [36m>[31m
                              [36m<div[31m
                                [33mclass[31m=[32m"MuiDataGrid-columnHeaderTitleContainerContent"[31m
                              [36m>[31m
                                [36m<div[31m
                                  [33mclass[31m=[32m"MuiDataGrid-columnHeaderTitle css-1gqmilo-MuiDataGrid-columnHeaderTitle"[31m
                                  [33mdata-mui-internal-clone-element[31m=[32m"true"[31m
                                [36m>[31m
                                  [0mName[0m
                                [36m</div>[31m
                              [36m</div>[31m
                              [36m<div[31m
                                [33mclass[31m=[32m"MuiDataGrid-iconButtonContainer css-ltf0zy-MuiDataGrid-iconButtonContainer"[31m
                              [36m>[31m
                                [36m<span[31m
                                  [33maria-label[31m=[32m"Sort"[31m
                                  [33mclass[31m=[32m""[31m
                                  [33mdata-mui-internal-clone-element[31m=[32m"true"[31m
                                [36m>[31m
                                  [36m<button[31m
                                    [33maria-label[31m=[32m"Sort"[31m
                                    [33mclass[31m=[32m"MuiButtonBase-root MuiIconButton-root MuiIconButton-sizeSmall MuiDataGrid-sort...[39m
 [31m×[39m src/views/Skills.test.tsx[2m > [22mSkillsView Deletion[2m > [22mshould delete skill and set session skillId to null[32m 292[2mms[22m[39m
[31m   → Unable to find an element with the text: Delete. This could be because the text is broken up by multiple elements. In this case, you can provide a function for your text matcher to make your matcher more flexible.

Ignored nodes: comments, script, style
[36m<body>[31m
  [36m<div>[31m
    [36m<div[31m
      [33mclass[31m=[32m"p-6"[31m
    [36m>[31m
      [36m<div[31m
        [33mclass[31m=[32m"MuiBox-root css-0"[31m
      [36m>[31m
        [36m<div[31m
          [33mclass[31m=[32m"MuiBox-root css-141lzyw"[31m
        [36m>[31m
          [36m<h5[31m
            [33mclass[31m=[32m"MuiTypography-root MuiTypography-h5 css-kwxs7k-MuiTypography-root"[31m
          [36m>[31m
            [0mSkills[0m
          [36m</h5>[31m
          [36m<button[31m
            [33mclass[31m=[32m"MuiButtonBase-root MuiButton-root MuiButton-contained MuiButton-containedPrimary MuiButton-sizeMedium MuiButton-containedSizeMedium MuiButton-colorPrimary MuiButton-root MuiButton-contained MuiButton-containedPrimary MuiButton-sizeMedium MuiButton-containedSizeMedium MuiButton-colorPrimary css-grubs5-MuiButtonBase-root-MuiButton-root"[31m
            [33mtabindex[31m=[32m"0"[31m
            [33mtype[31m=[32m"button"[31m
          [36m>[31m
            [36m<div[31m
              [33mclass[31m=[32m"MuiBox-root css-axw7ok"[31m
            [36m>[31m
              [36m<span>[31m
                [0mAdd [0m
                [0mSkill[0m
              [36m</span>[31m
            [36m</div>[31m
          [36m</button>[31m
        [36m</div>[31m
        [36m<div[31m
          [33mclass[31m=[32m"MuiBox-root css-8atqhb"[31m
        [36m>[31m
          [36m<div[31m
            [33mclass[31m=[32m"MuiDataGrid-root MuiDataGrid-autoHeight MuiDataGrid-root--densityStandard MuiDataGrid-withBorderColor MuiDataGridVariables-3851315942 css-1wtxydy-MuiDataGrid-root"[31m
            [33mstyle[31m=[32m"--DataGrid-hasScrollX: 1; --DataGrid-hasScrollY: 0; --DataGrid-scrollbarSize: 0px; --DataGrid-rowWidth: 60px; --DataGrid-columnsTotalWidth: 60px; --DataGrid-leftPinnedWidth: 0px; --DataGrid-rightPinnedWidth: 0px; --DataGrid-headerHeight: 56px; --DataGrid-headersTotalHeight: 56px; --DataGrid-topContainerHeight: 56px; --DataGrid-bottomContainerHeight: 0px; --height: 52px;"[31m
          [36m>[31m
            [36m<div[31m
              [33mclass[31m=[32m"MuiDataGrid-mainContent"[31m
              [33mrole[31m=[32m"presentation"[31m
            [36m>[31m
              [36m<div[31m
                [33maria-colcount[31m=[32m"2"[31m
                [33maria-multiselectable[31m=[32m"false"[31m
                [33maria-rowcount[31m=[32m"2"[31m
                [33mclass[31m=[32m"MuiDataGrid-main css-1bgckiu-MuiDataGrid-main"[31m
                [33mrole[31m=[32m"grid"[31m
                [33mtabindex[31m=[32m"-1"[31m
              [36m>[31m
                [36m<div[31m
                  [33mclass[31m=[32m"css-18l11qw"[31m
                  [33mdata-id[31m=[32m"gridPanelAnchor"[31m
                  [33mrole[31m=[32m"presentation"[31m
                [36m/>[31m
                [36m<div[31m
                  [33mclass[31m=[32m"MuiDataGrid-virtualScroller MuiDataGrid-virtualScroller--hasScrollX css-1vigakz-MuiDataGrid-virtualScroller"[31m
                  [33mrole[31m=[32m"presentation"[31m
                  [33mstyle[31m=[32m"overflow-x: hidden; overflow-y: hidden;"[31m
                [36m>[31m
                  [36m<div[31m
                    [33mclass[31m=[32m"MuiDataGrid-topContainer MuiDataGrid-container--top css-b1wygl"[31m
                    [33mrole[31m=[32m"presentation"[31m
                  [36m>[31m
                    [36m<div[31m
                      [33mclass[31m=[32m"MuiDataGrid-columnHeaders css-1gtv474-MuiDataGrid-columnHeaders"[31m
                      [33mrole[31m=[32m"presentation"[31m
                    [36m>[31m
                      [36m<div[31m
                        [33maria-rowindex[31m=[32m"1"[31m
                        [33mclass[31m=[32m"MuiDataGrid-row--borderBottom css-yseucu-MuiDataGrid-columnHeaderRow"[31m
                        [33mrole[31m=[32m"row"[31m
                        [33mstyle[31m=[32m"height: 56px;"[31m
                      [36m>[31m
                        [36m<div[31m
                          [33mrole[31m=[32m"presentation"[31m
                          [33mstyle[31m=[32m"width: 0px;"[31m
                        [36m/>[31m
                        [36m<div[31m
                          [33maria-colindex[31m=[32m"1"[31m
                          [33maria-sort[31m=[32m"none"[31m
                          [33mclass[31m=[32m"MuiDataGrid-columnHeader MuiDataGrid-columnHeader--sortable MuiDataGrid-withBorderColor"[31m
                          [33mdata-field[31m=[32m"name"[31m
                          [33mrole[31m=[32m"columnheader"[31m
                          [33mstyle[31m=[32m"width: 0px;"[31m
                          [33mtabindex[31m=[32m"0"[31m
                        [36m>[31m
                          [36m<div[31m
                            [33mclass[31m=[32m"MuiDataGrid-columnHeaderDraggableContainer"[31m
                            [33mdraggable[31m=[32m"false"[31m
                            [33mrole[31m=[32m"presentation"[31m
                          [36m>[31m
                            [36m<div[31m
                              [33mclass[31m=[32m"MuiDataGrid-columnHeaderTitleContainer"[31m
                              [33mrole[31m=[32m"presentation"[31m
                            [36m>[31m
                              [36m<div[31m
                                [33mclass[31m=[32m"MuiDataGrid-columnHeaderTitleContainerContent"[31m
                              [36m>[31m
                                [36m<div[31m
                                  [33mclass[31m=[32m"MuiDataGrid-columnHeaderTitle css-1gqmilo-MuiDataGrid-columnHeaderTitle"[31m
                                  [33mdata-mui-internal-clone-element[31m=[32m"true"[31m
                                [36m>[31m
                                  [0mName[0m
                                [36m</div>[31m
                              [36m</div>[31m
                              [36m<div[31m
                                [33mclass[31m=[32m"MuiDataGrid-iconButtonContainer css-ltf0zy-MuiDataGrid-iconButtonContainer"[31m
                              [36m>[31m
                                [36m<span[31m
                                  [33maria-label[31m=[32m"Sort"[31m
                                  [33mclass[31m=[32m""[31m
                                  [33mdata-mui-internal-clone-element[31m=[32m"true"[31m
                                [36m>[31m
                                  [36m<button[31m
                                    [33maria-label[31m=[32m"Sort"[31m
                                    [33mclass[31m=[32m"MuiButtonBase-root MuiIconButton-root MuiIconButton-sizeSmall MuiDataGrid-sortButton css-1vkrt00-M...[39m
 [31m×[39m src/views/Cameras.test.tsx[2m > [22mCamerasView Deletion[2m > [22mshould delete camera and cascade to scene_cameras[32m 299[2mms[22m[39m
[31m   → Unable to find an element with the text: Delete. This could be because the text is broken up by multiple elements. In this case, you can provide a function for your text matcher to make your matcher more flexible.

Ignored nodes: comments, script, style
[36m<body>[31m
  [36m<div>[31m
    [36m<div[31m
      [33mclass[31m=[32m"MuiBox-root css-19kzrtu"[31m
    [36m>[31m
      [36m<div[31m
        [33mclass[31m=[32m"MuiBox-root css-0"[31m
      [36m>[31m
        [36m<div[31m
          [33mclass[31m=[32m"MuiBox-root css-141lzyw"[31m
        [36m>[31m
          [36m<h5[31m
            [33mclass[31m=[32m"MuiTypography-root MuiTypography-h5 css-kwxs7k-MuiTypography-root"[31m
          [36m>[31m
            [0mCameras[0m
          [36m</h5>[31m
          [36m<button[31m
            [33mclass[31m=[32m"MuiButtonBase-root MuiButton-root MuiButton-contained MuiButton-containedPrimary MuiButton-sizeMedium MuiButton-containedSizeMedium MuiButton-colorPrimary MuiButton-root MuiButton-contained MuiButton-containedPrimary MuiButton-sizeMedium MuiButton-containedSizeMedium MuiButton-colorPrimary css-grubs5-MuiButtonBase-root-MuiButton-root"[31m
            [33mtabindex[31m=[32m"0"[31m
            [33mtype[31m=[32m"button"[31m
          [36m>[31m
            [36m<div[31m
              [33mclass[31m=[32m"MuiBox-root css-axw7ok"[31m
            [36m>[31m
              [36m<span>[31m
                [0mAdd [0m
                [0mCamera[0m
              [36m</span>[31m
            [36m</div>[31m
          [36m</button>[31m
        [36m</div>[31m
        [36m<div[31m
          [33mclass[31m=[32m"MuiBox-root css-8atqhb"[31m
        [36m>[31m
          [36m<div[31m
            [33mclass[31m=[32m"MuiDataGrid-root MuiDataGrid-autoHeight MuiDataGrid-root--densityStandard MuiDataGrid-withBorderColor MuiDataGridVariables-3851315942 css-1wtxydy-MuiDataGrid-root"[31m
            [33mstyle[31m=[32m"--DataGrid-hasScrollX: 1; --DataGrid-hasScrollY: 0; --DataGrid-scrollbarSize: 0px; --DataGrid-rowWidth: 60px; --DataGrid-columnsTotalWidth: 60px; --DataGrid-leftPinnedWidth: 0px; --DataGrid-rightPinnedWidth: 0px; --DataGrid-headerHeight: 56px; --DataGrid-headersTotalHeight: 56px; --DataGrid-topContainerHeight: 56px; --DataGrid-bottomContainerHeight: 0px; --height: 52px;"[31m
          [36m>[31m
            [36m<div[31m
              [33mclass[31m=[32m"MuiDataGrid-mainContent"[31m
              [33mrole[31m=[32m"presentation"[31m
            [36m>[31m
              [36m<div[31m
                [33maria-colcount[31m=[32m"2"[31m
                [33maria-multiselectable[31m=[32m"false"[31m
                [33maria-rowcount[31m=[32m"2"[31m
                [33mclass[31m=[32m"MuiDataGrid-main css-1bgckiu-MuiDataGrid-main"[31m
                [33mrole[31m=[32m"grid"[31m
                [33mtabindex[31m=[32m"-1"[31m
              [36m>[31m
                [36m<div[31m
                  [33mclass[31m=[32m"css-18l11qw"[31m
                  [33mdata-id[31m=[32m"gridPanelAnchor"[31m
                  [33mrole[31m=[32m"presentation"[31m
                [36m/>[31m
                [36m<div[31m
                  [33mclass[31m=[32m"MuiDataGrid-virtualScroller MuiDataGrid-virtualScroller--hasScrollX css-1vigakz-MuiDataGrid-virtualScroller"[31m
                  [33mrole[31m=[32m"presentation"[31m
                  [33mstyle[31m=[32m"overflow-x: hidden; overflow-y: hidden;"[31m
                [36m>[31m
                  [36m<div[31m
                    [33mclass[31m=[32m"MuiDataGrid-topContainer MuiDataGrid-container--top css-b1wygl"[31m
                    [33mrole[31m=[32m"presentation"[31m
                  [36m>[31m
                    [36m<div[31m
                      [33mclass[31m=[32m"MuiDataGrid-columnHeaders css-1gtv474-MuiDataGrid-columnHeaders"[31m
                      [33mrole[31m=[32m"presentation"[31m
                    [36m>[31m
                      [36m<div[31m
                        [33maria-rowindex[31m=[32m"1"[31m
                        [33mclass[31m=[32m"MuiDataGrid-row--borderBottom css-yseucu-MuiDataGrid-columnHeaderRow"[31m
                        [33mrole[31m=[32m"row"[31m
                        [33mstyle[31m=[32m"height: 56px;"[31m
                      [36m>[31m
                        [36m<div[31m
                          [33mrole[31m=[32m"presentation"[31m
                          [33mstyle[31m=[32m"width: 0px;"[31m
                        [36m/>[31m
                        [36m<div[31m
                          [33maria-colindex[31m=[32m"1"[31m
                          [33maria-sort[31m=[32m"none"[31m
                          [33mclass[31m=[32m"MuiDataGrid-columnHeader MuiDataGrid-columnHeader--sortable MuiDataGrid-withBorderColor"[31m
                          [33mdata-field[31m=[32m"name"[31m
                          [33mrole[31m=[32m"columnheader"[31m
                          [33mstyle[31m=[32m"width: 0px;"[31m
                          [33mtabindex[31m=[32m"0"[31m
                        [36m>[31m
                          [36m<div[31m
                            [33mclass[31m=[32m"MuiDataGrid-columnHeaderDraggableContainer"[31m
                            [33mdraggable[31m=[32m"false"[31m
                            [33mrole[31m=[32m"presentation"[31m
                          [36m>[31m
                            [36m<div[31m
                              [33mclass[31m=[32m"MuiDataGrid-columnHeaderTitleContainer"[31m
                              [33mrole[31m=[32m"presentation"[31m
                            [36m>[31m
                              [36m<div[31m
                                [33mclass[31m=[32m"MuiDataGrid-columnHeaderTitleContainerContent"[31m
                              [36m>[31m
                                [36m<div[31m
                                  [33mclass[31m=[32m"MuiDataGrid-columnHeaderTitle css-1gqmilo-MuiDataGrid-columnHeaderTitle"[31m
                                  [33mdata-mui-internal-clone-element[31m=[32m"true"[31m
                                [36m>[31m
                                  [0mName[0m
                                [36m</div>[31m
                              [36m</div>[31m
                              [36m<div[31m
                                [33mclass[31m=[32m"MuiDataGrid-iconButtonContainer css-ltf0zy-MuiDataGrid-iconButtonContainer"[31m
                              [36m>[31m
                                [36m<span[31m
                                  [33maria-label[31m=[32m"Sort"[31m
                                  [33mclass[31m=[32m""[31m
                                  [33mdata-mui-internal-clone-element[31m=[32m"true"[31m
                                [36m>[31m
                                  [36m<button[31m
                                    [33maria-label[31m=[32m"Sort"[31m
                                    [33mclass[31m=[32m"MuiButtonBase-root MuiIconButton-root MuiIconButton-sizeSmall MuiDataGrid-so...[39m
 [31m×[39m src/views/Scenes.test.tsx[2m > [22mScenesView[2m > [22mlists scenes[33m 1021[2mms[22m[39m
[31m   → Unable to find an element with the text: Test Scene. This could be because the text is broken up by multiple elements. In this case, you can provide a function for your text matcher to make your matcher more flexible.

Ignored nodes: comments, script, style
[36m<body>[31m
  [36m<div>[31m
    [36m<div[31m
      [33mclass[31m=[32m"p-6"[31m
    [36m>[31m
      [36m<div[31m
        [33mclass[31m=[32m"MuiBox-root css-0"[31m
      [36m>[31m
        [36m<div[31m
          [33mclass[31m=[32m"MuiBox-root css-141lzyw"[31m
        [36m>[31m
          [36m<h5[31m
            [33mclass[31m=[32m"MuiTypography-root MuiTypography-h5 css-kwxs7k-MuiTypography-root"[31m
          [36m>[31m
            [0mScenes[0m
          [36m</h5>[31m
          [36m<button[31m
            [33mclass[31m=[32m"MuiButtonBase-root MuiButton-root MuiButton-contained MuiButton-containedPrimary MuiButton-sizeMedium MuiButton-containedSizeMedium MuiButton-colorPrimary MuiButton-root MuiButton-contained MuiButton-containedPrimary MuiButton-sizeMedium MuiButton-containedSizeMedium MuiButton-colorPrimary css-grubs5-MuiButtonBase-root-MuiButton-root"[31m
            [33mtabindex[31m=[32m"0"[31m
            [33mtype[31m=[32m"button"[31m
          [36m>[31m
            [36m<div[31m
              [33mclass[31m=[32m"MuiBox-root css-axw7ok"[31m
            [36m>[31m
              [36m<span>[31m
                [0mAdd [0m
                [0mScene[0m
              [36m</span>[31m
            [36m</div>[31m
            [36m<span[31m
              [33maria-hidden[31m=[32m"true"[31m
              [33mclass[31m=[32m"MuiBox-root css-16imvyn"[31m
            [36m/>[31m
          [36m</button>[31m
        [36m</div>[31m
        [36m<div[31m
          [33mclass[31m=[32m"MuiBox-root css-1vuwmwg"[31m
        [36m>[31m
          [36m<p[31m
            [33mclass[31m=[32m"MuiTypography-root MuiTypography-body1 css-1rsilhb-MuiTypography-root"[31m
          [36m>[31m
            [0mNo [0m
            [0mscenes[0m
            [0m defined[0m
          [36m</p>[31m
          [36m<button[31m
            [33mclass[31m=[32m"MuiButtonBase-root MuiButton-root MuiButton-contained MuiButton-containedPrimary MuiButton-sizeMedium MuiButton-containedSizeMedium MuiButton-colorPrimary MuiButton-root MuiButton-contained MuiButton-containedPrimary MuiButton-sizeMedium MuiButton-containedSizeMedium MuiButton-colorPrimary css-grubs5-MuiButtonBase-root-MuiButton-root"[31m
            [33mtabindex[31m=[32m"0"[31m
            [33mtype[31m=[32m"button"[31m
          [36m>[31m
            [0mAdd a [0m
            [0mScene[0m
          [36m</button>[31m
        [36m</div>[31m
      [36m</div>[31m
    [36m</div>[31m
  [36m</div>[31m
  [36m<div>[31m
    [36m<div[31m
      [33mclass[31m=[32m"p-6"[31m
    [36m>[31m
      [36m<div[31m
        [33mclass[31m=[32m"MuiBox-root css-0"[31m
      [36m>[31m
        [36m<div[31m
          [33mclass[31m=[32m"MuiBox-root css-141lzyw"[31m
        [36m>[31m
          [36m<h5[31m
            [33mclass[31m=[32m"MuiTypography-root MuiTypography-h5 css-kwxs7k-MuiTypography-root"[31m
          [36m>[31m
            [0mScenes[0m
          [36m</h5>[31m
          [36m<button[31m
            [33mclass[31m=[32m"MuiButtonBase-root MuiButton-root MuiButton-contained MuiButton-containedPrimary MuiButton-sizeMedium MuiButton-containedSizeMedium MuiButton-colorPrimary MuiButton-root MuiButton-contained MuiButton-containedPrimary MuiButton-sizeMedium MuiButton-containedSizeMedium MuiButton-colorPrimary css-grubs5-MuiButtonBase-root-MuiButton-root"[31m
            [33mtabindex[31m=[32m"0"[31m
            [33mtype[31m=[32m"button"[31m
          [36m>[31m
            [36m<div[31m
              [33mclass[31m=[32m"MuiBox-root css-axw7ok"[31m
            [36m>[31m
              [36m<span>[31m
                [0mAdd [0m
                [0mScene[0m
              [36m</span>[31m
            [36m</div>[31m
            [36m<span[31m
              [33maria-hidden[31m=[32m"true"[31m
              [33mclass[31m=[32m"MuiBox-root css-16imvyn"[31m
            [36m/>[31m
          [36m</button>[31m
        [36m</div>[31m
        [36m<div[31m
          [33mclass[31m=[32m"MuiBox-root css-1vuwmwg"[31m
        [36m>[31m
          [36m<p[31m
            [33mclass[31m=[32m"MuiTypography-root MuiTypography-body1 css-1rsilhb-MuiTypography-root"[31m
          [36m>[31m
            [0mNo [0m
            [0mscenes[0m
            [0m defined[0m
          [36m</p>[31m
          [36m<button[31m
            [33mclass[31m=[32m"MuiButtonBase-root MuiButton-root MuiButton-contained MuiButton-containedPrimary MuiButton-sizeMedium MuiButton-containedSizeMedium MuiButton-colorPrimary MuiButton-root MuiButton-contained MuiButton-containedPrimary MuiButton-sizeMedium MuiButton-containedSizeMedium MuiButton-colorPrimary css-grubs5-MuiButtonBase-root-MuiButton-root"[31m
            [33mtabindex[31m=[32m"0"[31m
            [33mtype[31m=[32m"button"[31m
          [36m>[31m
            [0mAdd a [0m
            [0mScene[0m
          [36m</button>[31m
        [36m</div>[31m
      [36m</div>[31m
    [36m</div>[31m
  [36m</div>[31m
[36m</body>[31m

Ignored nodes: comments, script, style
[36m<html>[31m
  [36m<head>[31m
    [36m<meta[31m
      [33mcontent[31m=[32m""[31m
      [33mname[31m=[32m"emotion-insertion-point"[31m
    [36m/>[31m
  [36m</head>[31m
  [36m<body>[31m
    [36m<div>[31m
      [36m<div[31m
        [33mclass[31m=[32m"p-6"[31m
      [36m>[31m
        [36m<div[31m
          [33mclass[31m=[32m"MuiBox-root css-0"[31m
        [36m>[31m
          [36m<div[31m
            [33mclass[31m=[32m"MuiBox-root css-141lzyw"[31m
          [36m>[31m
            [36m<h5[31m
              [33mclass[31m=[32m"MuiTypography-root MuiTypography-h5 css-kwxs7k-MuiTypography-root"[31m
            [36m>[31m
              [0mScenes[0m
            [36m</h5>[31m
            [36m<button[31m
              [33mclass[31m=[32m"MuiButtonBase-root MuiButton-root MuiButton-contained MuiButton-containedPrimary MuiButton-sizeMedium MuiButton-containedSizeMedium MuiButton-colorPrimary MuiButton-root MuiButton-contained MuiButton-containedPrimary MuiButton-sizeMedium MuiButton-containedSizeMedium MuiButton-colorPrimary css-grubs5-MuiButtonBase-root-MuiButton-root"[31m
              [33mtabindex[31m=[32m"0"[31m
              [33mtype[31m=[32m"button"[31m
            [36m>[31m
              [36m<div[31m
                [33mclass[31m=[32m"MuiBox-root css-axw7ok"[31m
              [36m>[31m
                [36m<span>[31m
                  [0mAdd [0m
                  [0mScene[0m
                [36m</span>[31m
              [36m</div>[31m
              [36m<span[31m
                [33maria-hidden[31m=[32m"true"[31m
                [33mclass[31m=[32m"MuiBox-root css-16imvyn"[31m
              [36m/>[31m
            [36m</button>[31m
          [36m</div>[31m
          [36m<div[31m
            [33mclass[31m=[32m"MuiBox-root css-1vuwmwg"[31m
          [36m>[31m
            [36m<p[31m
              [33mclass[31m=[32m"MuiTypography-root MuiTypography-body1 css-1rsilhb-MuiTypography-root"[31m
            [36m>[31m
              [0mNo [0m
              [0mscenes[0m
              [0m defined[0m
            [36m</p>[31m
            [36m<button[31m
              [33mclass[31m=[32m"MuiButtonBase-root MuiButton-root MuiButton-contained MuiButton-containedPrimary MuiButton-sizeMedium MuiButton-containedSizeMedium MuiButton-colorPrimary MuiButton-root MuiButton-contained MuiButton-containedPrimary MuiButton-sizeMedium MuiButton-containedSizeMedium MuiButton-colorPrimary css-grubs5-MuiButtonBase-root-MuiButton-root"[31m
              [33mtabindex[31m=[32m"0"[31m
              [33mtype[31m=[32m"button"[31m
            [36m>[31m
              [0mAdd a [0m
              [0mScene[0m
            [36m</button>[31m
          [36m</div>[31m
        [36m</div>[31m
      [36m</div>[31m
    [36m</div>[31m
    [36m<div>[31m
      [36m<div[31m
        [33mclass[31m=[32m"p-6"[31m
      [36m>[31m
        [36m<div[31m
          [33mclass[31m=[32m"MuiBox-root css-0"[31m
        [36m>[31m
          [36m<div[31m
            [33mclass[31m=[32m"MuiBox-root css-141lzyw"[31m
          [36m>[31m
            [36m<h5[31m
              [33mclass[31m=[32m"MuiTypography-root MuiTypography-h5 css-kwxs7k-MuiTypography-root"[31m
            [36m>[31m
              [0mScenes[0m
            [36m</h5>[31m
            [36m<button[31m
              [33mclass[31m=[32m"MuiButtonBase-root MuiButton-root MuiButton-contained MuiButton-containedPrimary MuiButton-sizeMedium MuiButton-containedSizeMedium MuiButton-colorPrimary MuiButton-root MuiButton-contained MuiButton-containedPrimary MuiButton-sizeMedium MuiButton-containedSizeMedium MuiButton-colorPrimary css-grubs5-MuiButtonBase-root-MuiButton-root"[31m
              [33mtabindex[31m=[32m"0"[31m
              [33mtype[31m=[32m"button"[31m
            [36m>[31m
              [36m<div[31m
                [33mclass[31m=[32m"MuiBox-root css-axw7ok"[31m
              [36m>[31m
                [36m<span>[31m
                  [0mAdd [0m
                  [0mScene[0m
                [36m</span>[31m
              [36m</div>[31m
              [36m<span[31m
                [33maria-hidden[31m=[32m"true"[31m
                [33mclass[31m=[32m"MuiBox-root css-16imvyn"[31m
              [36m/>[31m
            [36m</button>[31m
          [36m</div>[31m
          [36m<div[31m
            [33mclass[31m=[32m"MuiBox-root css-1vuwmwg"[31m
          [36m>[31m
            [36m<p[31m
              [33mclass[31m=[32m"MuiTypography-root MuiTypography-body1 css-1rsilhb-MuiTypography-root"[31m
            [36m>[31m
              [0mNo [0m
              [0mscenes[0m
              [0m defined[0m
            [36m</p>[31m
            [36m<button[31m
              [33mclass[31m=[32m"MuiButtonBase-root MuiButton-root MuiButton-contained MuiButton-containedPrimary MuiButton-sizeMedium MuiButton-containedSizeMedium MuiButton-colorPrimary MuiButton-root MuiButton-contained MuiButton-containedPrimary MuiButton-sizeMedium MuiButton-containedSizeMedium MuiButton-colorPrimary css-grubs5-MuiButtonBase-root-MuiButton-root"[31m
              [33mtabindex[31m=[32m"0"[31m
              [33mtype[31m=[32m"button"[31m
            [36m>[31m
              [0mAdd a [0m
              [0mScene[0m
            [36m</button>[31m
          [36m</div>[31m
        [36m</div>[31m
      [36m</div>[31m
    [36m</div>[31m
  [36m</body>[31m
[36m</html>[31m...[39m
 [31m×[39m src/views/Sessions.test.tsx[2m > [22mSessionsView Deletion[2m > [22mshould delete session and cascade episodes[33m 326[2mms[22m[39m
[31m   → Unable to find an element with the text: Delete. This could be because the text is broken up by multiple elements. In this case, you can provide a function for your text matcher to make your matcher more flexible.

Ignored nodes: comments, script, style
[36m<body>[31m
  [36m<div>[31m
    [36m<div[31m
      [33mclass[31m=[32m"MuiBox-root css-19kzrtu"[31m
    [36m>[31m
      [36m<div[31m
        [33mclass[31m=[32m"MuiBox-root css-0"[31m
      [36m>[31m
        [36m<div[31m
          [33mclass[31m=[32m"MuiBox-root css-141lzyw"[31m
        [36m>[31m
          [36m<h5[31m
            [33mclass[31m=[32m"MuiTypography-root MuiTypography-h5 css-kwxs7k-MuiTypography-root"[31m
          [36m>[31m
            [0mSessions[0m
          [36m</h5>[31m
          [36m<button[31m
            [33mclass[31m=[32m"MuiButtonBase-root MuiButton-root MuiButton-contained MuiButton-containedPrimary MuiButton-sizeMedium MuiButton-containedSizeMedium MuiButton-colorPrimary MuiButton-root MuiButton-contained MuiButton-containedPrimary MuiButton-sizeMedium MuiButton-containedSizeMedium MuiButton-colorPrimary css-grubs5-MuiButtonBase-root-MuiButton-root"[31m
            [33mtabindex[31m=[32m"0"[31m
            [33mtype[31m=[32m"button"[31m
          [36m>[31m
            [36m<div[31m
              [33mclass[31m=[32m"MuiBox-root css-axw7ok"[31m
            [36m>[31m
              [36m<span>[31m
                [0mAdd [0m
                [0mSession[0m
              [36m</span>[31m
            [36m</div>[31m
          [36m</button>[31m
        [36m</div>[31m
        [36m<div[31m
          [33mclass[31m=[32m"MuiBox-root css-8atqhb"[31m
        [36m>[31m
          [36m<div[31m
            [33mclass[31m=[32m"MuiDataGrid-root MuiDataGrid-autoHeight MuiDataGrid-root--densityStandard MuiDataGrid-withBorderColor MuiDataGridVariables-3851315942 css-1wtxydy-MuiDataGrid-root"[31m
            [33mstyle[31m=[32m"--DataGrid-hasScrollX: 1; --DataGrid-hasScrollY: 0; --DataGrid-scrollbarSize: 0px; --DataGrid-rowWidth: 60px; --DataGrid-columnsTotalWidth: 60px; --DataGrid-leftPinnedWidth: 0px; --DataGrid-rightPinnedWidth: 0px; --DataGrid-headerHeight: 56px; --DataGrid-headersTotalHeight: 56px; --DataGrid-topContainerHeight: 56px; --DataGrid-bottomContainerHeight: 0px; --height: 52px;"[31m
          [36m>[31m
            [36m<div[31m
              [33mclass[31m=[32m"MuiDataGrid-mainContent"[31m
              [33mrole[31m=[32m"presentation"[31m
            [36m>[31m
              [36m<div[31m
                [33maria-colcount[31m=[32m"5"[31m
                [33maria-multiselectable[31m=[32m"false"[31m
                [33maria-rowcount[31m=[32m"2"[31m
                [33mclass[31m=[32m"MuiDataGrid-main css-1bgckiu-MuiDataGrid-main"[31m
                [33mrole[31m=[32m"grid"[31m
                [33mtabindex[31m=[32m"-1"[31m
              [36m>[31m
                [36m<div[31m
                  [33mclass[31m=[32m"css-18l11qw"[31m
                  [33mdata-id[31m=[32m"gridPanelAnchor"[31m
                  [33mrole[31m=[32m"presentation"[31m
                [36m/>[31m
                [36m<div[31m
                  [33mclass[31m=[32m"MuiDataGrid-virtualScroller MuiDataGrid-virtualScroller--hasScrollX css-1vigakz-MuiDataGrid-virtualScroller"[31m
                  [33mrole[31m=[32m"presentation"[31m
                  [33mstyle[31m=[32m"overflow-x: hidden; overflow-y: hidden;"[31m
                [36m>[31m
                  [36m<div[31m
                    [33mclass[31m=[32m"MuiDataGrid-topContainer MuiDataGrid-container--top css-b1wygl"[31m
                    [33mrole[31m=[32m"presentation"[31m
                  [36m>[31m
                    [36m<div[31m
                      [33mclass[31m=[32m"MuiDataGrid-columnHeaders css-1gtv474-MuiDataGrid-columnHeaders"[31m
                      [33mrole[31m=[32m"presentation"[31m
                    [36m>[31m
                      [36m<div[31m
                        [33maria-rowindex[31m=[32m"1"[31m
                        [33mclass[31m=[32m"MuiDataGrid-row--borderBottom css-yseucu-MuiDataGrid-columnHeaderRow"[31m
                        [33mrole[31m=[32m"row"[31m
                        [33mstyle[31m=[32m"height: 56px;"[31m
                      [36m>[31m
                        [36m<div[31m
                          [33mrole[31m=[32m"presentation"[31m
                          [33mstyle[31m=[32m"width: 0px;"[31m
                        [36m/>[31m
                        [36m<div[31m
                          [33maria-colindex[31m=[32m"1"[31m
                          [33maria-sort[31m=[32m"none"[31m
                          [33mclass[31m=[32m"MuiDataGrid-columnHeader MuiDataGrid-columnHeader--sortable MuiDataGrid-withBorderColor"[31m
                          [33mdata-field[31m=[32m"name"[31m
                          [33mrole[31m=[32m"columnheader"[31m
                          [33mstyle[31m=[32m"width: 0px;"[31m
                          [33mtabindex[31m=[32m"0"[31m
                        [36m>[31m
                          [36m<div[31m
                            [33mclass[31m=[32m"MuiDataGrid-columnHeaderDraggableContainer"[31m
                            [33mdraggable[31m=[32m"false"[31m
                            [33mrole[31m=[32m"presentation"[31m
                          [36m>[31m
                            [36m<div[31m
                              [33mclass[31m=[32m"MuiDataGrid-columnHeaderTitleContainer"[31m
                              [33mrole[31m=[32m"presentation"[31m
                            [36m>[31m
                              [36m<div[31m
                                [33mclass[31m=[32m"MuiDataGrid-columnHeaderTitleContainerContent"[31m
                              [36m>[31m
                                [36m<div[31m
                                  [33mclass[31m=[32m"MuiDataGrid-columnHeaderTitle css-1gqmilo-MuiDataGrid-columnHeaderTitle"[31m
                                  [33mdata-mui-internal-clone-element[31m=[32m"true"[31m
                                [36m>[31m
                                  [0mName[0m
                                [36m</div>[31m
                              [36m</div>[31m
                              [36m<div[31m
                                [33mclass[31m=[32m"MuiDataGrid-iconButtonContainer css-ltf0zy-MuiDataGrid-iconButtonContainer"[31m
                              [36m>[31m
                                [36m<span[31m
                                  [33maria-label[31m=[32m"Sort"[31m
                                  [33mclass[31m=[32m""[31m
                                  [33mdata-mui-internal-clone-element[31m=[32m"true"[31m
                                [36m>[31m
                                  [36m<button[31m
                                    [33maria-label[31m=[32m"Sort"[31m
                                    [33mclass[31m=[32m"MuiButtonBase-root MuiIconButton-root MuiIconButton-sizeSmall MuiDataGrid-...[39m

[2m Test Files [22m [1m[31m10 failed[39m[22m[2m | [22m[1m[32m4 passed[39m[22m[90m (14)[39m
[2m      Tests [22m [1m[31m10 failed[39m[22m[2m | [22m[1m[32m22 passed[39m[22m[90m (32)[39m
[2m     Errors [22m [1m[31m1 error[39m[22m
[2m   Start at [22m 21:46:37
[2m   Duration [22m 6.14s[2m (transform 1.06s, setup 0ms, import 26.67s, tests 10.12s, environment 7.36s)[22m

